`torch_dtype` is deprecated! Use `dtype` instead!
Loading checkpoint shards:   0%|          | 0/37 [00:00<?, ?it/s]Loading checkpoint shards:   3%|▎         | 1/37 [00:00<00:23,  1.52it/s]Loading checkpoint shards:  38%|███▊      | 14/37 [00:00<00:00, 24.37it/s]Loading checkpoint shards:  81%|████████  | 30/37 [00:00<00:00, 51.68it/s]Loading checkpoint shards: 100%|██████████| 37/37 [00:00<00:00, 39.46it/s]
formal D 0 humaneval HumanEval/84 3 / 864
formal D 0 humaneval HumanEval/122 6 / 864
formal D 0 humaneval HumanEval/55 9 / 864
formal D 0 humaneval HumanEval/77 12 / 864
formal D 0 gsm8k gsm8k/test/194 15 / 864
formal D 0 humaneval HumanEval/35 18 / 864
formal D 0 humaneval HumanEval/107 21 / 864
formal D 0 math_500 test/precalculus/43.json 24 / 864
formal D 0 math_500 test/algebra/276.json 27 / 864
formal D 0 gsm8k gsm8k/test/635 30 / 864
formal D 0 humaneval HumanEval/24 33 / 864
formal D 0 gsm8k gsm8k/test/647 36 / 864
formal D 0 gsm8k gsm8k/test/1232 39 / 864
formal D 0 gsm8k gsm8k/test/733 42 / 864
formal D 0 math_500 test/counting_and_probability/803.json 45 / 864
formal D 0 humaneval HumanEval/10 48 / 864
formal D 0 gsm8k gsm8k/test/286 51 / 864
formal D 0 math_500 test/intermediate_algebra/834.json 54 / 864
formal D 0 math_500 test/intermediate_algebra/1806.json 57 / 864
formal D 0 math_500 test/algebra/1031.json 60 / 864
formal D 0 humaneval HumanEval/37 63 / 864
formal D 0 humaneval HumanEval/103 66 / 864
formal D 0 humaneval HumanEval/120 69 / 864
formal D 0 humaneval HumanEval/149 72 / 864
formal D 0 gsm8k gsm8k/test/1146 75 / 864
formal D 0 humaneval HumanEval/155 78 / 864
formal D 0 humaneval HumanEval/18 81 / 864
formal D 0 humaneval HumanEval/52 84 / 864
formal D 0 math_500 test/prealgebra/1251.json 87 / 864
formal D 0 gsm8k gsm8k/test/995 90 / 864
formal D 0 math_500 test/algebra/1265.json 93 / 864
formal D 0 math_500 test/algebra/1339.json 96 / 864
formal D 0 gsm8k gsm8k/test/447 99 / 864
formal D 0 math_500 test/number_theory/533.json 102 / 864
formal D 0 math_500 test/intermediate_algebra/1102.json 105 / 864
formal D 0 humaneval HumanEval/80 108 / 864
formal D 0 gsm8k gsm8k/test/82 111 / 864
formal D 0 math_500 test/precalculus/920.json 114 / 864
formal D 0 gsm8k gsm8k/test/1033 117 / 864
formal D 0 humaneval HumanEval/72 120 / 864
formal D 0 math_500 test/algebra/1082.json 123 / 864
formal D 0 math_500 test/prealgebra/1686.json 126 / 864
formal D 0 humaneval HumanEval/130 129 / 864
formal D 0 humaneval HumanEval/79 132 / 864
formal D 0 humaneval HumanEval/150 135 / 864
formal D 0 humaneval HumanEval/25 138 / 864
formal D 0 humaneval HumanEval/113 141 / 864
formal D 0 math_500 test/intermediate_algebra/158.json 144 / 864
formal D 0 gsm8k gsm8k/test/676 147 / 864
formal D 0 math_500 test/counting_and_probability/190.json 150 / 864
formal D 0 math_500 test/geometry/347.json 153 / 864
formal D 0 gsm8k gsm8k/test/513 156 / 864
formal D 0 math_500 test/algebra/1098.json 159 / 864
formal D 0 humaneval HumanEval/142 162 / 864
formal D 0 math_500 test/number_theory/72.json 165 / 864
formal D 0 gsm8k gsm8k/test/577 168 / 864
formal D 0 math_500 test/algebra/661.json 171 / 864
formal D 0 humaneval HumanEval/98 174 / 864
formal D 0 math_500 test/intermediate_algebra/1930.json 177 / 864
formal D 0 gsm8k gsm8k/test/530 180 / 864
formal D 0 gsm8k gsm8k/test/966 183 / 864
formal D 0 math_500 test/algebra/170.json 186 / 864
formal D 0 humaneval HumanEval/66 189 / 864
formal D 0 math_500 test/intermediate_algebra/1797.json 192 / 864
formal D 0 gsm8k gsm8k/test/151 195 / 864
formal D 0 math_500 test/number_theory/516.json 198 / 864
formal D 0 humaneval HumanEval/90 201 / 864
formal D 0 gsm8k gsm8k/test/976 204 / 864
formal D 0 gsm8k gsm8k/test/202 207 / 864
formal D 0 math_500 test/algebra/694.json 210 / 864
formal D 0 math_500 test/counting_and_probability/23957.json 213 / 864
formal D 0 gsm8k gsm8k/test/206 216 / 864
formal D 0 gsm8k gsm8k/test/1194 219 / 864
formal D 0 humaneval HumanEval/91 222 / 864
formal D 0 math_500 test/intermediate_algebra/1981.json 225 / 864
formal D 0 gsm8k gsm8k/test/621 228 / 864
formal D 0 humaneval HumanEval/136 231 / 864
formal D 0 math_500 test/algebra/907.json 234 / 864
formal D 0 gsm8k gsm8k/test/788 237 / 864
formal D 0 humaneval HumanEval/129 240 / 864
formal D 0 math_500 test/precalculus/881.json 243 / 864
formal D 0 gsm8k gsm8k/test/1047 246 / 864
formal D 0 humaneval HumanEval/64 249 / 864
formal D 0 math_500 test/intermediate_algebra/1462.json 252 / 864
formal D 0 humaneval HumanEval/111 255 / 864
formal D 0 math_500 test/counting_and_probability/389.json 258 / 864
formal D 0 gsm8k gsm8k/test/285 261 / 864
formal D 0 gsm8k gsm8k/test/724 264 / 864
formal D 0 gsm8k gsm8k/test/829 267 / 864
formal D 0 gsm8k gsm8k/test/1090 270 / 864
formal D 0 gsm8k gsm8k/test/889 273 / 864
formal D 0 math_500 test/number_theory/838.json 276 / 864
formal D 0 gsm8k gsm8k/test/861 279 / 864
formal D 0 humaneval HumanEval/124 282 / 864
formal D 0 gsm8k gsm8k/test/300 285 / 864
formal D 0 gsm8k gsm8k/test/1266 288 / 864
formal D 1 gsm8k gsm8k/test/724 291 / 864
formal D 1 humaneval HumanEval/155 294 / 864
formal D 1 humaneval HumanEval/149 297 / 864
formal D 1 gsm8k gsm8k/test/1090 300 / 864
formal D 1 humaneval HumanEval/130 303 / 864
formal D 1 gsm8k gsm8k/test/861 306 / 864
formal D 1 humaneval HumanEval/24 309 / 864
formal D 1 humaneval HumanEval/91 312 / 864
formal D 1 math_500 test/counting_and_probability/803.json 315 / 864
formal D 1 gsm8k gsm8k/test/1232 318 / 864
formal D 1 gsm8k gsm8k/test/151 321 / 864
formal D 1 gsm8k gsm8k/test/285 324 / 864
formal D 1 math_500 test/algebra/661.json 327 / 864
formal D 1 gsm8k gsm8k/test/286 330 / 864
formal D 1 humaneval HumanEval/120 333 / 864
formal D 1 math_500 test/intermediate_algebra/1462.json 336 / 864
formal D 1 gsm8k gsm8k/test/300 339 / 864
formal D 1 math_500 test/intermediate_algebra/1930.json 342 / 864
formal D 1 humaneval HumanEval/79 345 / 864
formal D 1 math_500 test/number_theory/533.json 348 / 864
formal D 1 gsm8k gsm8k/test/1033 351 / 864
formal D 1 humaneval HumanEval/124 354 / 864
formal D 1 math_500 test/number_theory/838.json 357 / 864
formal D 1 math_500 test/counting_and_probability/389.json 360 / 864
formal D 1 gsm8k gsm8k/test/1047 363 / 864
formal D 1 humaneval HumanEval/84 366 / 864
formal D 1 gsm8k gsm8k/test/577 369 / 864
formal D 1 math_500 test/algebra/276.json 372 / 864
formal D 1 math_500 test/algebra/1082.json 375 / 864
formal D 1 gsm8k gsm8k/test/829 378 / 864
formal D 1 math_500 test/intermediate_algebra/1806.json 381 / 864
formal D 1 humaneval HumanEval/142 384 / 864
formal D 1 gsm8k gsm8k/test/995 387 / 864
formal D 1 gsm8k gsm8k/test/1146 390 / 864
formal D 1 gsm8k gsm8k/test/1194 393 / 864
formal D 1 humaneval HumanEval/37 396 / 864
formal D 1 math_500 test/intermediate_algebra/834.json 399 / 864
formal D 1 gsm8k gsm8k/test/621 402 / 864
formal D 1 math_500 test/algebra/1031.json 405 / 864
formal D 1 math_500 test/intermediate_algebra/1797.json 408 / 864
formal D 1 humaneval HumanEval/25 411 / 864
formal D 1 humaneval HumanEval/77 414 / 864
formal D 1 gsm8k gsm8k/test/513 417 / 864
formal D 1 math_500 test/precalculus/920.json 420 / 864
formal D 1 humaneval HumanEval/55 423 / 864
formal D 1 humaneval HumanEval/103 426 / 864
formal D 1 gsm8k gsm8k/test/733 429 / 864
formal D 1 gsm8k gsm8k/test/966 432 / 864
formal D 1 math_500 test/counting_and_probability/23957.json 435 / 864
formal D 1 math_500 test/algebra/907.json 438 / 864
formal D 1 humaneval HumanEval/136 441 / 864
formal D 1 math_500 test/intermediate_algebra/158.json 444 / 864
formal D 1 math_500 test/number_theory/516.json 447 / 864
formal D 1 math_500 test/prealgebra/1251.json 450 / 864
formal D 1 gsm8k gsm8k/test/447 453 / 864
formal D 1 math_500 test/intermediate_algebra/1981.json 456 / 864
formal D 1 humaneval HumanEval/18 459 / 864
formal D 1 humaneval HumanEval/72 462 / 864
formal D 1 gsm8k gsm8k/test/530 465 / 864
formal D 1 humaneval HumanEval/113 468 / 864
formal D 1 math_500 test/precalculus/43.json 471 / 864
formal D 1 math_500 test/algebra/1265.json 474 / 864
formal D 1 math_500 test/counting_and_probability/190.json 477 / 864
formal D 1 humaneval HumanEval/80 480 / 864
formal D 1 math_500 test/prealgebra/1686.json 483 / 864
formal D 1 gsm8k gsm8k/test/635 486 / 864
formal D 1 humaneval HumanEval/111 489 / 864
formal D 1 math_500 test/algebra/694.json 492 / 864
formal D 1 humaneval HumanEval/107 495 / 864
formal D 1 math_500 test/algebra/1098.json 498 / 864
formal D 1 math_500 test/number_theory/72.json 501 / 864
formal D 1 humaneval HumanEval/10 504 / 864
formal D 1 math_500 test/precalculus/881.json 507 / 864
formal D 1 gsm8k gsm8k/test/976 510 / 864
formal D 1 humaneval HumanEval/35 513 / 864
formal D 1 humaneval HumanEval/52 516 / 864
formal D 1 gsm8k gsm8k/test/82 519 / 864
formal D 1 math_500 test/algebra/170.json 522 / 864
formal D 1 humaneval HumanEval/98 525 / 864
formal D 1 math_500 test/algebra/1339.json 528 / 864
formal D 1 gsm8k gsm8k/test/202 531 / 864
formal D 1 gsm8k gsm8k/test/1266 534 / 864
formal D 1 humaneval HumanEval/66 537 / 864
formal D 1 gsm8k gsm8k/test/889 540 / 864
formal D 1 humaneval HumanEval/129 543 / 864
formal D 1 humaneval HumanEval/90 546 / 864
formal D 1 gsm8k gsm8k/test/194 549 / 864
formal D 1 math_500 test/intermediate_algebra/1102.json 552 / 864
formal D 1 gsm8k gsm8k/test/206 555 / 864
formal D 1 gsm8k gsm8k/test/676 558 / 864
formal D 1 gsm8k gsm8k/test/647 561 / 864
formal D 1 humaneval HumanEval/150 564 / 864
formal D 1 gsm8k gsm8k/test/788 567 / 864
formal D 1 humaneval HumanEval/122 570 / 864
formal D 1 math_500 test/geometry/347.json 573 / 864
formal D 1 humaneval HumanEval/64 576 / 864
formal D 2 humaneval HumanEval/98 579 / 864
formal D 2 math_500 test/intermediate_algebra/1102.json 582 / 864
formal D 2 gsm8k gsm8k/test/206 585 / 864
formal D 2 math_500 test/geometry/347.json 588 / 864
formal D 2 gsm8k gsm8k/test/889 591 / 864
formal D 2 math_500 test/algebra/1265.json 594 / 864
formal D 2 humaneval HumanEval/10 597 / 864
formal D 2 humaneval HumanEval/103 600 / 864
formal D 2 humaneval HumanEval/24 603 / 864
formal D 2 humaneval HumanEval/37 606 / 864
formal D 2 humaneval HumanEval/35 609 / 864
formal D 2 humaneval HumanEval/120 612 / 864
formal D 2 gsm8k gsm8k/test/1266 615 / 864
formal D 2 humaneval HumanEval/129 618 / 864
formal D 2 math_500 test/precalculus/920.json 621 / 864
formal D 2 humaneval HumanEval/91 624 / 864
formal D 2 math_500 test/intermediate_algebra/158.json 627 / 864
formal D 2 gsm8k gsm8k/test/966 630 / 864
formal D 2 humaneval HumanEval/124 633 / 864
formal D 2 gsm8k gsm8k/test/733 636 / 864
formal D 2 math_500 test/number_theory/533.json 639 / 864
formal D 2 gsm8k gsm8k/test/285 642 / 864
formal D 2 math_500 test/algebra/694.json 645 / 864
formal D 2 gsm8k gsm8k/test/1232 648 / 864
formal D 2 gsm8k gsm8k/test/300 651 / 864
formal D 2 humaneval HumanEval/136 654 / 864
formal D 2 gsm8k gsm8k/test/1090 657 / 864
formal D 2 math_500 test/algebra/170.json 660 / 864
formal D 2 humaneval HumanEval/72 663 / 864
formal D 2 gsm8k gsm8k/test/1194 666 / 864
formal D 2 math_500 test/algebra/1031.json 669 / 864
formal D 2 gsm8k gsm8k/test/1033 672 / 864
formal D 2 gsm8k gsm8k/test/829 675 / 864
formal D 2 math_500 test/counting_and_probability/190.json 678 / 864
formal D 2 gsm8k gsm8k/test/1047 681 / 864
formal D 2 humaneval HumanEval/64 684 / 864
formal D 2 humaneval HumanEval/113 687 / 864
formal D 2 humaneval HumanEval/150 690 / 864
formal D 2 math_500 test/algebra/907.json 693 / 864
formal D 2 gsm8k gsm8k/test/647 696 / 864
formal D 2 humaneval HumanEval/142 699 / 864
formal D 2 math_500 test/algebra/661.json 702 / 864
formal D 2 math_500 test/prealgebra/1251.json 705 / 864
formal D 2 math_500 test/intermediate_algebra/1930.json 708 / 864
formal D 2 math_500 test/intermediate_algebra/1981.json 711 / 864
formal D 2 gsm8k gsm8k/test/995 714 / 864
formal D 2 math_500 test/algebra/1082.json 717 / 864
formal D 2 gsm8k gsm8k/test/861 720 / 864
formal D 2 math_500 test/counting_and_probability/803.json 723 / 864
formal D 2 humaneval HumanEval/90 726 / 864
formal D 2 humaneval HumanEval/80 729 / 864
formal D 2 math_500 test/prealgebra/1686.json 732 / 864
formal D 2 gsm8k gsm8k/test/530 735 / 864
formal D 2 gsm8k gsm8k/test/447 738 / 864
formal D 2 math_500 test/intermediate_algebra/1806.json 741 / 864
formal D 2 humaneval HumanEval/84 744 / 864
formal D 2 gsm8k gsm8k/test/676 747 / 864
formal D 2 math_500 test/precalculus/43.json 750 / 864
formal D 2 humaneval HumanEval/122 753 / 864
formal D 2 gsm8k gsm8k/test/724 756 / 864
formal D 2 math_500 test/precalculus/881.json 759 / 864
formal D 2 math_500 test/number_theory/72.json 762 / 864
formal D 2 humaneval HumanEval/107 765 / 864
formal D 2 humaneval HumanEval/52 768 / 864
formal D 2 humaneval HumanEval/155 771 / 864
formal D 2 humaneval HumanEval/18 774 / 864
formal D 2 math_500 test/algebra/276.json 777 / 864
formal D 2 gsm8k gsm8k/test/635 780 / 864
formal D 2 gsm8k gsm8k/test/194 783 / 864
formal D 2 gsm8k gsm8k/test/976 786 / 864
formal D 2 gsm8k gsm8k/test/1146 789 / 864
formal D 2 math_500 test/intermediate_algebra/1797.json 792 / 864
formal D 2 humaneval HumanEval/66 795 / 864
formal D 2 math_500 test/intermediate_algebra/834.json 798 / 864
formal D 2 gsm8k gsm8k/test/82 801 / 864
formal D 2 math_500 test/intermediate_algebra/1462.json 804 / 864
formal D 2 gsm8k gsm8k/test/151 807 / 864
formal D 2 math_500 test/algebra/1098.json 810 / 864
formal D 2 gsm8k gsm8k/test/286 813 / 864
formal D 2 math_500 test/number_theory/838.json 816 / 864
formal D 2 gsm8k gsm8k/test/513 819 / 864
formal D 2 gsm8k gsm8k/test/202 822 / 864
formal D 2 humaneval HumanEval/79 825 / 864
formal D 2 math_500 test/counting_and_probability/389.json 828 / 864
formal D 2 humaneval HumanEval/130 831 / 864
formal D 2 math_500 test/number_theory/516.json 834 / 864
formal D 2 humaneval HumanEval/111 837 / 864
formal D 2 math_500 test/algebra/1339.json 840 / 864
formal D 2 gsm8k gsm8k/test/788 843 / 864
formal D 2 gsm8k gsm8k/test/621 846 / 864
formal D 2 math_500 test/counting_and_probability/23957.json 849 / 864
formal D 2 humaneval HumanEval/25 852 / 864
formal D 2 gsm8k gsm8k/test/577 855 / 864
formal D 2 humaneval HumanEval/149 858 / 864
formal D 2 humaneval HumanEval/55 861 / 864
formal D 2 humaneval HumanEval/77 864 / 864
