/workspace_root/benchmark_work/qwen3_8b_abcde_gptq_20260925_01/source_checkouts/C_Hadacore/quarot/kernels/include_hip/common.h -> /workspace_root/benchmark_work/qwen3_8b_abcde_gptq_20260925_01/source_checkouts/C_Hadacore/quarot/kernels/include_hip/common.h [skipped, no changes]
/workspace_root/benchmark_work/qwen3_8b_abcde_gptq_20260925_01/source_checkouts/C_Hadacore/quarot/kernels/include_hip/gemm.h -> /workspace_root/benchmark_work/qwen3_8b_abcde_gptq_20260925_01/source_checkouts/C_Hadacore/quarot/kernels/include_hip/gemm.h [skipped, no changes]
/workspace_root/benchmark_work/qwen3_8b_abcde_gptq_20260925_01/source_checkouts/C_Hadacore/quarot/kernels/include_hip/quant.h -> /workspace_root/benchmark_work/qwen3_8b_abcde_gptq_20260925_01/source_checkouts/C_Hadacore/quarot/kernels/include_hip/quant.h [skipped, no changes]
/workspace_root/benchmark_work/qwen3_8b_abcde_gptq_20260925_01/source_checkouts/C_Hadacore/quarot/kernels/include_hip/flashinfer.h -> /workspace_root/benchmark_work/qwen3_8b_abcde_gptq_20260925_01/source_checkouts/C_Hadacore/quarot/kernels/include_hip/flashinfer.h [skipped, no changes]
/workspace_root/benchmark_work/qwen3_8b_abcde_gptq_20260925_01/source_checkouts/C_Hadacore/quarot/kernels/include_hip/hadamard.h -> /workspace_root/benchmark_work/qwen3_8b_abcde_gptq_20260925_01/source_checkouts/C_Hadacore/quarot/kernels/include_hip/hadamard.h [skipped, no changes]
/workspace_root/benchmark_work/qwen3_8b_abcde_gptq_20260925_01/source_checkouts/C_Hadacore/quarot/kernels/bindings.cpp -> /workspace_root/benchmark_work/qwen3_8b_abcde_gptq_20260925_01/source_checkouts/C_Hadacore/quarot/kernels/bindings.cpp [skipped, no changes]
/workspace_root/benchmark_work/qwen3_8b_abcde_gptq_20260925_01/source_checkouts/C_Hadacore/quarot/kernels/gemm.hip -> /workspace_root/benchmark_work/qwen3_8b_abcde_gptq_20260925_01/source_checkouts/C_Hadacore/quarot/kernels/gemm.hip [skipped, no changes]
/workspace_root/benchmark_work/qwen3_8b_abcde_gptq_20260925_01/source_checkouts/C_Hadacore/quarot/kernels/quant.hip -> /workspace_root/benchmark_work/qwen3_8b_abcde_gptq_20260925_01/source_checkouts/C_Hadacore/quarot/kernels/quant_hip.hip [skipped, already hipified]
/workspace_root/benchmark_work/qwen3_8b_abcde_gptq_20260925_01/source_checkouts/C_Hadacore/quarot/kernels/hadamard.hip -> /workspace_root/benchmark_work/qwen3_8b_abcde_gptq_20260925_01/source_checkouts/C_Hadacore/quarot/kernels/hadamard.hip [skipped, no changes]
[92mSuccessfully preprocessed all matching files.[0m
Total number of unsupported CUDA function calls: 0


Total number of replaced kernel launches: 3
running build_ext
building 'quarot._HIP' extension
[1/5] c++ -MMD -MF /workspace_root/benchmark_work/qwen3_8b_abcde_gptq_20260925_01/source_checkouts/C_Hadacore/build/temp.linux-x86_64-cpython-310/quarot/kernels/bindings.o.d -Wno-unused-result -Wsign-compare -DNDEBUG -g -fwrapv -O2 -Wall -g -fstack-protector-strong -Wformat -Werror=format-security -g -fwrapv -O2 -fPIC -I/workspace_root/benchmark_work/qwen3_8b_abcde_gptq_20260925_01/source_checkouts/C_Hadacore/quarot/kernels/include_hip -I/opt/venv/lib/python3.10/site-packages/torch/include -I/opt/venv/lib/python3.10/site-packages/torch/include/torch/csrc/api/include -I/opt/venv/lib/python3.10/site-packages/torch/include/THH -I/opt/rocm/include -I/opt/venv/include -I/usr/include/python3.10 -c -c /workspace_root/benchmark_work/qwen3_8b_abcde_gptq_20260925_01/source_checkouts/C_Hadacore/quarot/kernels/bindings.cpp -o /workspace_root/benchmark_work/qwen3_8b_abcde_gptq_20260925_01/source_checkouts/C_Hadacore/build/temp.linux-x86_64-cpython-310/quarot/kernels/bindings.o -D__HIP_PLATFORM_AMD__=1 -DUSE_ROCM=1 -DHIPBLAS_V2 -fPIC -D__HIP_PLATFORM_AMD__=1 -DUSE_ROCM=1 -DHIPBLAS_V2 -fPIC -O3 -std=c++17 -DTORCH_API_INCLUDE_EXTENSION_H -DTORCH_EXTENSION_NAME=_HIP
[2/5] /opt/rocm/bin/hipcc  -I/workspace_root/benchmark_work/qwen3_8b_abcde_gptq_20260925_01/source_checkouts/C_Hadacore/quarot/kernels/include_hip -I/opt/venv/lib/python3.10/site-packages/torch/include -I/opt/venv/lib/python3.10/site-packages/torch/include/torch/csrc/api/include -I/opt/venv/lib/python3.10/site-packages/torch/include/THH -I/opt/rocm/include -I/opt/venv/include -I/usr/include/python3.10 -c -c /workspace_root/benchmark_work/qwen3_8b_abcde_gptq_20260925_01/source_checkouts/C_Hadacore/quarot/kernels/flashinfer.hip -o /workspace_root/benchmark_work/qwen3_8b_abcde_gptq_20260925_01/source_checkouts/C_Hadacore/build/temp.linux-x86_64-cpython-310/quarot/kernels/flashinfer.o -D__HIP_PLATFORM_AMD__=1 -DUSE_ROCM=1 -DHIPBLAS_V2 -fPIC -DCUDA_HAS_FP16=1 -D__HIP_NO_HALF_OPERATORS__=1 -D__HIP_NO_HALF_CONVERSIONS__=1 -DHIP_ENABLE_WARP_SYNC_BUILTINS=1 -O3 -DQUAROT_BPRE_GFX12=1 -DHADACORE_ENABLE_GFX12_WMMA=1 -U__HIP_NO_HALF_OPERATORS__ -U__HIP_NO_HALF_CONVERSIONS__ -DTORCH_API_INCLUDE_EXTENSION_H -DTORCH_EXTENSION_NAME=_HIP --offload-arch=gfx1201 -fno-gpu-rdc -std=c++17
/workspace_root/benchmark_work/qwen3_8b_abcde_gptq_20260925_01/source_checkouts/C_Hadacore/quarot/kernels/flashinfer.hip:3:9: warning: #pragma once in main file [-Wpragma-once-outside-header]
    3 | #pragma once
      |         ^
In file included from /workspace_root/benchmark_work/qwen3_8b_abcde_gptq_20260925_01/source_checkouts/C_Hadacore/quarot/kernels/flashinfer.hip:7:
In file included from /workspace_root/benchmark_work/qwen3_8b_abcde_gptq_20260925_01/source_checkouts/C_Hadacore/quarot/kernels/include_hip/flashinfer/decode.cuh:15:
In file included from /workspace_root/benchmark_work/qwen3_8b_abcde_gptq_20260925_01/source_checkouts/C_Hadacore/quarot/kernels/include_hip/flashinfer/cp_async.cuh:6:
In file included from /workspace_root/benchmark_work/qwen3_8b_abcde_gptq_20260925_01/source_checkouts/C_Hadacore/quarot/kernels/include_hip/flashinfer/quantization.cuh:8:
/workspace_root/benchmark_work/qwen3_8b_abcde_gptq_20260925_01/source_checkouts/C_Hadacore/quarot/kernels/include_hip/flashinfer/vec_dtypes.cuh:15:75: warning: inline function 'make_bfloat162' is not defined [-Wundefined-inline]
   15 | inline __attribute__((always_inline)) __device__ __host__ __hip_bfloat162 make_bfloat162( const __hip_bfloat16 x, const __hip_bfloat16 y );
      |                                                                           ^
/workspace_root/benchmark_work/qwen3_8b_abcde_gptq_20260925_01/source_checkouts/C_Hadacore/quarot/kernels/include_hip/flashinfer/vec_dtypes.cuh:921:10: note: used here
  921 |   data = make_bfloat162(val, val);
      |          ^
In file included from /workspace_root/benchmark_work/qwen3_8b_abcde_gptq_20260925_01/source_checkouts/C_Hadacore/quarot/kernels/flashinfer.hip:7:
/workspace_root/benchmark_work/qwen3_8b_abcde_gptq_20260925_01/source_checkouts/C_Hadacore/quarot/kernels/include_hip/flashinfer/decode.cuh:494:17: warning: loop not unrolled: the optimizer was unable to perform the requested transformation; the transformation might be disabled or specified as part of an unsupported transformation ordering [-Wpass-failed=transform-warning]
  494 | __global__ void BatchDecodeWithPagedKVCacheKernel(
      |                 ^
/workspace_root/benchmark_work/qwen3_8b_abcde_gptq_20260925_01/source_checkouts/C_Hadacore/quarot/kernels/include_hip/flashinfer/decode.cuh:494:17: warning: loop not unrolled: the optimizer was unable to perform the requested transformation; the transformation might be disabled or specified as part of an unsupported transformation ordering [-Wpass-failed=transform-warning]
/workspace_root/benchmark_work/qwen3_8b_abcde_gptq_20260925_01/source_checkouts/C_Hadacore/quarot/kernels/include_hip/flashinfer/decode.cuh:494:17: warning: loop not unrolled: the optimizer was unable to perform the requested transformation; the transformation might be disabled or specified as part of an unsupported transformation ordering [-Wpass-failed=transform-warning]
/workspace_root/benchmark_work/qwen3_8b_abcde_gptq_20260925_01/source_checkouts/C_Hadacore/quarot/kernels/include_hip/flashinfer/decode.cuh:494:17: warning: loop not unrolled: the optimizer was unable to perform the requested transformation; the transformation might be disabled or specified as part of an unsupported transformation ordering [-Wpass-failed=transform-warning]
6 warnings generated when compiling for gfx1201.
/workspace_root/benchmark_work/qwen3_8b_abcde_gptq_20260925_01/source_checkouts/C_Hadacore/quarot/kernels/flashinfer.hip:3:9: warning: #pragma once in main file [-Wpragma-once-outside-header]
    3 | #pragma once
      |         ^
In file included from /workspace_root/benchmark_work/qwen3_8b_abcde_gptq_20260925_01/source_checkouts/C_Hadacore/quarot/kernels/flashinfer.hip:7:
In file included from /workspace_root/benchmark_work/qwen3_8b_abcde_gptq_20260925_01/source_checkouts/C_Hadacore/quarot/kernels/include_hip/flashinfer/decode.cuh:15:
In file included from /workspace_root/benchmark_work/qwen3_8b_abcde_gptq_20260925_01/source_checkouts/C_Hadacore/quarot/kernels/include_hip/flashinfer/cp_async.cuh:6:
In file included from /workspace_root/benchmark_work/qwen3_8b_abcde_gptq_20260925_01/source_checkouts/C_Hadacore/quarot/kernels/include_hip/flashinfer/quantization.cuh:8:
/workspace_root/benchmark_work/qwen3_8b_abcde_gptq_20260925_01/source_checkouts/C_Hadacore/quarot/kernels/include_hip/flashinfer/vec_dtypes.cuh:15:75: warning: inline function 'make_bfloat162' is not defined [-Wundefined-inline]
   15 | inline __attribute__((always_inline)) __device__ __host__ __hip_bfloat162 make_bfloat162( const __hip_bfloat16 x, const __hip_bfloat16 y );
      |                                                                           ^
/workspace_root/benchmark_work/qwen3_8b_abcde_gptq_20260925_01/source_checkouts/C_Hadacore/quarot/kernels/include_hip/flashinfer/vec_dtypes.cuh:921:10: note: used here
  921 |   data = make_bfloat162(val, val);
      |          ^
2 warnings generated when compiling for host.
[3/5] /opt/rocm/bin/hipcc  -I/workspace_root/benchmark_work/qwen3_8b_abcde_gptq_20260925_01/source_checkouts/C_Hadacore/quarot/kernels/include_hip -I/opt/venv/lib/python3.10/site-packages/torch/include -I/opt/venv/lib/python3.10/site-packages/torch/include/torch/csrc/api/include -I/opt/venv/lib/python3.10/site-packages/torch/include/THH -I/opt/rocm/include -I/opt/venv/include -I/usr/include/python3.10 -c -c /workspace_root/benchmark_work/qwen3_8b_abcde_gptq_20260925_01/source_checkouts/C_Hadacore/quarot/kernels/gemm.hip -o /workspace_root/benchmark_work/qwen3_8b_abcde_gptq_20260925_01/source_checkouts/C_Hadacore/build/temp.linux-x86_64-cpython-310/quarot/kernels/gemm.o -D__HIP_PLATFORM_AMD__=1 -DUSE_ROCM=1 -DHIPBLAS_V2 -fPIC -DCUDA_HAS_FP16=1 -D__HIP_NO_HALF_OPERATORS__=1 -D__HIP_NO_HALF_CONVERSIONS__=1 -DHIP_ENABLE_WARP_SYNC_BUILTINS=1 -O3 -DQUAROT_BPRE_GFX12=1 -DHADACORE_ENABLE_GFX12_WMMA=1 -U__HIP_NO_HALF_OPERATORS__ -U__HIP_NO_HALF_CONVERSIONS__ -DTORCH_API_INCLUDE_EXTENSION_H -DTORCH_EXTENSION_NAME=_HIP --offload-arch=gfx1201 -fno-gpu-rdc -std=c++17
/workspace_root/benchmark_work/qwen3_8b_abcde_gptq_20260925_01/source_checkouts/C_Hadacore/quarot/kernels/gemm.hip:247:17: warning: loop not unrolled: the optimizer was unable to perform the requested transformation; the transformation might be disabled or specified as part of an unsupported transformation ordering [-Wpass-failed=transform-warning]
  247 | __global__ void bpre_grouped_scale_kernel(
      |                 ^
/workspace_root/benchmark_work/qwen3_8b_abcde_gptq_20260925_01/source_checkouts/C_Hadacore/quarot/kernels/gemm.hip:247:17: warning: loop not unrolled: the optimizer was unable to perform the requested transformation; the transformation might be disabled or specified as part of an unsupported transformation ordering [-Wpass-failed=transform-warning]
/workspace_root/benchmark_work/qwen3_8b_abcde_gptq_20260925_01/source_checkouts/C_Hadacore/quarot/kernels/gemm.hip:247:17: warning: loop not unrolled: the optimizer was unable to perform the requested transformation; the transformation might be disabled or specified as part of an unsupported transformation ordering [-Wpass-failed=transform-warning]
3 warnings generated when compiling for gfx1201.
[4/5] /opt/rocm/bin/hipcc  -I/workspace_root/benchmark_work/qwen3_8b_abcde_gptq_20260925_01/source_checkouts/C_Hadacore/quarot/kernels/include_hip -I/opt/venv/lib/python3.10/site-packages/torch/include -I/opt/venv/lib/python3.10/site-packages/torch/include/torch/csrc/api/include -I/opt/venv/lib/python3.10/site-packages/torch/include/THH -I/opt/rocm/include -I/opt/venv/include -I/usr/include/python3.10 -c -c /workspace_root/benchmark_work/qwen3_8b_abcde_gptq_20260925_01/source_checkouts/C_Hadacore/quarot/kernels/hadamard.hip -o /workspace_root/benchmark_work/qwen3_8b_abcde_gptq_20260925_01/source_checkouts/C_Hadacore/build/temp.linux-x86_64-cpython-310/quarot/kernels/hadamard.o -D__HIP_PLATFORM_AMD__=1 -DUSE_ROCM=1 -DHIPBLAS_V2 -fPIC -DCUDA_HAS_FP16=1 -D__HIP_NO_HALF_OPERATORS__=1 -D__HIP_NO_HALF_CONVERSIONS__=1 -DHIP_ENABLE_WARP_SYNC_BUILTINS=1 -O3 -DQUAROT_BPRE_GFX12=1 -DHADACORE_ENABLE_GFX12_WMMA=1 -U__HIP_NO_HALF_OPERATORS__ -U__HIP_NO_HALF_CONVERSIONS__ -DTORCH_API_INCLUDE_EXTENSION_H -DTORCH_EXTENSION_NAME=_HIP --offload-arch=gfx1201 -fno-gpu-rdc -std=c++17
[5/5] /opt/rocm/bin/hipcc  -I/workspace_root/benchmark_work/qwen3_8b_abcde_gptq_20260925_01/source_checkouts/C_Hadacore/quarot/kernels/include_hip -I/opt/venv/lib/python3.10/site-packages/torch/include -I/opt/venv/lib/python3.10/site-packages/torch/include/torch/csrc/api/include -I/opt/venv/lib/python3.10/site-packages/torch/include/THH -I/opt/rocm/include -I/opt/venv/include -I/usr/include/python3.10 -c -c /workspace_root/benchmark_work/qwen3_8b_abcde_gptq_20260925_01/source_checkouts/C_Hadacore/quarot/kernels/quant_hip.hip -o /workspace_root/benchmark_work/qwen3_8b_abcde_gptq_20260925_01/source_checkouts/C_Hadacore/build/temp.linux-x86_64-cpython-310/quarot/kernels/quant_hip.o -D__HIP_PLATFORM_AMD__=1 -DUSE_ROCM=1 -DHIPBLAS_V2 -fPIC -DCUDA_HAS_FP16=1 -D__HIP_NO_HALF_OPERATORS__=1 -D__HIP_NO_HALF_CONVERSIONS__=1 -DHIP_ENABLE_WARP_SYNC_BUILTINS=1 -O3 -DQUAROT_BPRE_GFX12=1 -DHADACORE_ENABLE_GFX12_WMMA=1 -U__HIP_NO_HALF_OPERATORS__ -U__HIP_NO_HALF_CONVERSIONS__ -DTORCH_API_INCLUDE_EXTENSION_H -DTORCH_EXTENSION_NAME=_HIP --offload-arch=gfx1201 -fno-gpu-rdc -std=c++17
x86_64-linux-gnu-g++ -Wno-unused-result -Wsign-compare -DNDEBUG -g -fwrapv -O2 -Wall -g -fstack-protector-strong -Wformat -Werror=format-security -g -fwrapv -O2 -shared -Wl,-O1 -Wl,-Bsymbolic-functions /workspace_root/benchmark_work/qwen3_8b_abcde_gptq_20260925_01/source_checkouts/C_Hadacore/build/temp.linux-x86_64-cpython-310/quarot/kernels/bindings.o /workspace_root/benchmark_work/qwen3_8b_abcde_gptq_20260925_01/source_checkouts/C_Hadacore/build/temp.linux-x86_64-cpython-310/quarot/kernels/flashinfer.o /workspace_root/benchmark_work/qwen3_8b_abcde_gptq_20260925_01/source_checkouts/C_Hadacore/build/temp.linux-x86_64-cpython-310/quarot/kernels/gemm.o /workspace_root/benchmark_work/qwen3_8b_abcde_gptq_20260925_01/source_checkouts/C_Hadacore/build/temp.linux-x86_64-cpython-310/quarot/kernels/hadamard.o /workspace_root/benchmark_work/qwen3_8b_abcde_gptq_20260925_01/source_checkouts/C_Hadacore/build/temp.linux-x86_64-cpython-310/quarot/kernels/quant_hip.o -L/opt/venv/lib/python3.10/site-packages/torch/lib -L/opt/rocm/lib -L/opt/rocm/hip/lib -L/usr/lib/x86_64-linux-gnu -lc10 -ltorch -ltorch_cpu -ltorch_python -lamdhip64 -lc10_hip -ltorch_hip -o build/lib.linux-x86_64-cpython-310/quarot/_HIP.cpython-310-x86_64-linux-gnu.so
copying build/lib.linux-x86_64-cpython-310/quarot/_HIP.cpython-310-x86_64-linux-gnu.so -> quarot
